// Jest Snapshot v1, https://goo.gl/fbAQLP

exports[`renders correctly 1`] = `
<View
  style={
    Object {
      "marginBottom": 34,
      "marginTop": 34,
      "width": "100%",
    }
  }
>
  <View
    accessible={true}
    collapsable={false}
    focusable={true}
    onClick={[Function]}
    onResponderGrant={[Function]}
    onResponderMove={[Function]}
    onResponderRelease={[Function]}
    onResponderTerminate={[Function]}
    onResponderTerminationRequest={[Function]}
    onStartShouldSetResponder={[Function]}
    style={
      Object {
        "alignSelf": "flex-end",
        "backgroundColor": "#FFFFFF",
        "borderTopLeftRadius": 6,
        "borderTopRightRadius": 6,
        "height": 38,
        "marginBottom": -10,
        "marginRight": 43.5,
        "opacity": 1,
        "width": 151,
      }
    }
    testID="DebitCard.CardInfo.showHide"
  >
    <View
      style={
        Object {
          "alignSelf": "center",
          "flexDirection": "row",
          "marginTop": 5,
        }
      }
    >
      <Image
        source={
          Object {
            "process": [Function],
          }
        }
      />
      <Text
        style={
          Object {
            "color": "#01D167",
            "fontFamily": "AvenirNext-DemiBold",
            "fontSize": 12,
            "marginLeft": 6,
          }
        }
      >
        Show card number
      </Text>
    </View>
  </View>
  <View
    style={
      Object {
        "alignSelf": "center",
        "aspectRatio": 1.66,
        "backgroundColor": "#01D167",
        "borderRadius": 14,
        "marginTop": 0,
        "width": 663,
      }
    }
  >
    <Image
      source={
        Object {
          "process": [Function],
        }
      }
      style={
        Object {
          "alignSelf": "flex-end",
          "height": 21,
          "marginRight": 43.5,
          "marginTop": 43.5,
          "width": 74,
        }
      }
    />
    <Text
      style={
        Object {
          "color": "#FFFFFF",
          "fontFamily": "AvenirNext-Bold",
          "fontSize": 22,
          "marginLeft": 43.5,
          "marginTop": 43.5,
        }
      }
    >
      Ashwani
    </Text>
    <View
      style={
        Object {
          "flexDirection": "row",
          "marginLeft": 43.5,
          "marginTop": 43.5,
        }
      }
    >
      <Text
        style={
          Object {
            "color": "#FFFFFF",
            "fontFamily": "AvenirNext-DemiBold",
            "fontSize": 14,
            "letterSpacing": 3.46,
            "marginRight": 43.5,
          }
        }
      />
      <Text
        style={
          Object {
            "color": "#FFFFFF",
            "fontFamily": "AvenirNext-DemiBold",
            "fontSize": 14,
            "letterSpacing": 3.46,
            "marginRight": 43.5,
          }
        }
      />
      <Text
        style={
          Object {
            "color": "#FFFFFF",
            "fontFamily": "AvenirNext-DemiBold",
            "fontSize": 14,
            "letterSpacing": 3.46,
            "marginRight": 43.5,
          }
        }
      />
      <Text
        style={
          Object {
            "color": "#FFFFFF",
            "fontFamily": "AvenirNext-DemiBold",
            "fontSize": 14,
            "letterSpacing": 3.46,
            "marginRight": 43.5,
          }
        }
      />
    </View>
    <View
      style={
        Object {
          "flexDirection": "row",
          "justifyContent": "flex-start",
        }
      }
    >
      <Text
        style={
          Object {
            "color": "#FFFFFF",
            "fontFamily": "AvenirNext-DemiBold",
            "fontSize": 13,
            "marginLeft": 43.5,
            "marginTop": 15,
          }
        }
      >
        Thru: 12/22
      </Text>
      <Text
        style={
          Object {
            "color": "#FFFFFF",
            "fontFamily": "AvenirNext-DemiBold",
            "fontSize": 13,
            "marginLeft": 32,
            "marginTop": 15,
          }
        }
      >
        CVV: 
        <Text
          style={
            Object {
              "color": "#FFFFFF",
              "fontFamily": "AvenirNext-DemiBold",
              "fontSize": 13,
              "marginLeft": 32,
              "marginTop": 15,
            }
          }
        >
          500
        </Text>
      </Text>
    </View>
    <Image
      source={
        Object {
          "process": [Function],
        }
      }
      style={
        Object {
          "alignSelf": "flex-end",
          "height": 20,
          "marginRight": 43.5,
          "width": 59,
        }
      }
    />
  </View>
  <View
    style={
      Object {
        "marginTop": 26,
        "paddingHorizontal": 43.5,
        "width": "100%",
      }
    }
    testID="DebitCard.SpendProgress"
  >
    <View
      style={
        Object {
          "flexDirection": "row",
          "justifyContent": "space-between",
          "marginBottom": 6,
        }
      }
    >
      <Text
        style={
          Object {
            "color": "#222222",
            "fontFamily": "AvenirNext-Medium",
            "fontSize": 13,
          }
        }
      >
        Debit card spending limit
      </Text>
      <Text
        style={
          Object {
            "color": "#01D167",
            "fontFamily": "AvenirNext-DemiBold",
            "fontSize": 13,
          }
        }
      >
        $3,000
        <Text
          style={
            Object {
              "color": "#22222233",
              "fontFamily": "AvenirNext-DemiBold",
              "fontSize": 13,
            }
          }
        >
           | $5,000
        </Text>
      </Text>
    </View>
    <View
      style={
        Array [
          Object {
            "backgroundColor": "rgba(1,209,103, 0.07)",
            "borderRadius": 15,
            "height": 15,
            "width": 663,
          },
          Object {
            "overflow": "hidden",
          },
        ]
      }
    >
      <View
        style={
          Object {
            "borderRightColor": "transparent",
            "borderRightWidth": 20,
            "borderTopColor": "#01D167",
            "borderTopWidth": 40,
            "height": 20,
            "width": 397.8,
          }
        }
      />
    </View>
  </View>
</View>
`;
