// Jest Snapshot v1, https://goo.gl/fbAQLP

exports[`renders correctly 1`] = `
<View
  style={
    Object {
      "alignItems": "center",
      "backgroundColor": "rgba(11, 20, 44, 0.55)",
      "bottom": 0,
      "justifyContent": "center",
      "left": 0,
      "position": "absolute",
      "right": 0,
      "top": 0,
    }
  }
>
  <ActivityIndicator
    animating={true}
    color="white"
    size="large"
  />
</View>
`;
