// Jest Snapshot v1, https://goo.gl/fbAQLP

exports[`renders correctly 1`] = `
<View
  style={
    Array [
      Object {
        "backgroundColor": "rgba(1,209,103, 0.07)",
        "borderRadius": 15,
        "height": 15,
        "width": 663,
      },
      Object {
        "overflow": "hidden",
      },
    ]
  }
>
  <View
    style={
      Object {
        "borderRightColor": "transparent",
        "borderRightWidth": 20,
        "borderTopColor": "#01D167",
        "borderTopWidth": 40,
        "height": 20,
        "width": 530.4,
      }
    }
  />
</View>
`;
