// Jest Snapshot v1, https://goo.gl/fbAQLP

exports[`renders correctly 1`] = `
<View
  style={
    Object {
      "marginTop": 26,
      "paddingHorizontal": 43.5,
      "width": "100%",
    }
  }
  testID="DebitCard.SpendProgress"
>
  <View
    style={
      Object {
        "flexDirection": "row",
        "justifyContent": "space-between",
        "marginBottom": 6,
      }
    }
  >
    <Text
      style={
        Object {
          "color": "#222222",
          "fontFamily": "AvenirNext-Medium",
          "fontSize": 13,
        }
      }
    >
      Debit card spending limit
    </Text>
    <Text
      style={
        Object {
          "color": "#01D167",
          "fontFamily": "AvenirNext-DemiBold",
          "fontSize": 13,
        }
      }
    >
      $3,000
      <Text
        style={
          Object {
            "color": "#22222233",
            "fontFamily": "AvenirNext-DemiBold",
            "fontSize": 13,
          }
        }
      >
         | $5,000
      </Text>
    </Text>
  </View>
  <View
    style={
      Array [
        Object {
          "backgroundColor": "rgba(1,209,103, 0.07)",
          "borderRadius": 15,
          "height": 15,
          "width": 663,
        },
        Object {
          "overflow": "hidden",
        },
      ]
    }
  >
    <View
      style={
        Object {
          "borderRightColor": "transparent",
          "borderRightWidth": 20,
          "borderTopColor": "#01D167",
          "borderTopWidth": 40,
          "height": 20,
          "width": 397.8,
        }
      }
    />
  </View>
</View>
`;
